// Jest Snapshot v1, https://goo.gl/fbAQLP

exports[`<DemoComponent /> renders correctly 1`] = `
<DocumentFragment>
  <div
    class="sc-bdvvtL ezufFl"
  >
    <div
      class="demo-component"
    >
      <h3
        class="demo-component__frontend-text"
      >
        ✅ Hello Frontend!
      </h3>
      <h3>
        ✅ Hello GraphQL (users):
      </h3>
      <strong>
        ⌛ Loading...
      </strong>
    </div>
  </div>
</DocumentFragment>
`;
